[www.organisationsolutions.com/index.html]
[www.organisationsolutions.com/Sitefinity/WebsiteTemplates/BaseTemplate/App_Themes/BaseTemplate/images/apple-touch-icon-precomposed.png]
[www.organisationsolutions.com/Sitefinity/WebsiteTemplates/BaseTemplate/App_Themes/BaseTemplate/images/favicon.png]
[backblue.gif]
[fade.gif]
[index.html]
[www.google-analytics.com/analytics.js]
[www.organisationsolutions.com/Sitefinity/WebsiteTemplates/BaseTemplate/App_Themes/BaseTemplate/css/base.css]
[www.organisationsolutions.com/WebResource0aef.js]
[www.organisationsolutions.com/Telerik.Web.UI.WebResourcea03f.js]
[www.organisationsolutions.com/images/default-source/default-album/logofba2.png]
[www.organisationsolutions.com/about/join-our-team.html]
[www.organisationsolutions.com/contact-us.html]
[www.organisationsolutions.com/about/about-us.html]
[www.organisationsolutions.com/solutions/grow-your-business.html]
[www.organisationsolutions.com/solutions/grow-your-leaders.html]
[www.organisationsolutions.com/solutions/grow-your-team.html]
[www.organisationsolutions.com/services/growth-services.html]
[www.organisationsolutions.com/insights/pacing-for-growth.html]
[www.organisationsolutions.com/services/growth-services/pacing-for-growth-programme.html]
[www.organisationsolutions.com/services/coaching.html]
[www.organisationsolutions.com/services/coaching/personal-training.html]
[www.organisationsolutions.com/services/coaching/strategic-learning-project-coaching.html]
[www.organisationsolutions.com/services/coaching/programme-coaching.html]
[www.organisationsolutions.com/services/coaching/coach-profiles.html]
[www.organisationsolutions.com/services/leadership-development.html]
[www.organisationsolutions.com/services/leadership-development/leap.html]
[www.organisationsolutions.com/services/leadership-development/leading-to-win.html]
[www.organisationsolutions.com/services/growth-leader-assessment.html]
[www.organisationsolutions.com/services/team-services.html]
[www.organisationsolutions.com/insights/perspectives/how-jabil-is-developing-tomorrow's-leaders-today.html]
[www.organisationsolutions.com/insights/perspectives/assessment-are-you-investing-in-all-the-wrong-places.html]
[www.organisationsolutions.com/insights/perspectives/alignment-overrules-cooperation.html]
[www.organisationsolutions.com/insights/perspectives/virtually-there-what-leaders-need-to-know-about-the-impact-of-distance-on-team-performance.html]
[www.organisationsolutions.com/insights/perspectives.html]
[www.organisationsolutions.com/insights/perspectives/leader-perspective-shaping-a-growth-culture.html]
[www.organisationsolutions.com/insights/perspectives/three-ways-that-pioneers-build-successful-growth-cultures.html]
[www.organisationsolutions.com/insights/perspectives/coaching-teams-for-results-at-american-express.html]
[www.organisationsolutions.com/insights/perspectives/lead-engagement!-action-plans-don't-work.html]
[www.organisationsolutions.com/insights/clients-case-studies/slp-coaching-to-drive-business-innovation-pipeline.html]
[www.organisationsolutions.com/insights/clients-case-studies/developing-inspirational-leaders.html]
[www.organisationsolutions.com/insights/clients-case-studies/leap-transforming-the-organisation.html]
[www.organisationsolutions.com/insights/clients-case-studies/linking-leadership-assessment-to-strategy.html]
[www.organisationsolutions.com/insights/clients-case-studies/team-services-empowering-team-performance.html]
[www.organisationsolutions.com/insights/clients-case-studies/mcdonald-s-slp-coaching-to-support-od-assignment.html]
[www.organisationsolutions.com/insights/grow-magazine.html]
[www.organisationsolutions.com/insights/clients-case-studies.html]
[www.organisationsolutions.com/communities/growth-leadership-forum.html]
[www.organisationsolutions.com/communities/science-practice.html]
[www.organisationsolutions.com/communities/alumni-group.html]
[www.organisationsolutions.com/images/default-source/home/thumb-growthd042.jpg]
[www.organisationsolutions.com/insights/clients-case-studies/coaching-as-an-on-demand-service.html]
[www.organisationsolutions.com/images/default-source/case-studies/thumbnails/thumb_pharmaceutical25eee.jpg]
[www.organisationsolutions.com/insights/clients-case-studies/leading-to-win-team-services-driving-functional-excellence.html]
[www.organisationsolutions.com/images/default-source/case-studies/thumbnails/thumb_mining15eee.jpg]
[www.organisationsolutions.com/insights/clients-case-studies/transforming-the-workplace.html]
[www.organisationsolutions.com/images/default-source/case-studies/thumbnails/thumb_it25eee.jpg]
[www.organisationsolutions.com/images/default-source/home/clients599b.png]
[www.organisationsolutions.com/privacy-policy.html]
[www.organisationsolutions.com/site-map.html]
[www.organisationsolutions.com/index.html]
[s7.addthis.com/js/300/addthis_widget.js]
[www.organisationsolutions.com/Sitefinity/WebsiteTemplates/BaseTemplate/App_JS/bundle/home.min.js]
[www.organisationsolutions.com/Sitefinity/WebsiteTemplates/BaseTemplate/App_Themes/BaseTemplate/fonts/fontawesome-webfont93e3.html]
[www.organisationsolutions.com/Sitefinity/WebsiteTemplates/BaseTemplate/App_Themes/BaseTemplate/fonts/fontawesome-webfontd41d.html]
[www.organisationsolutions.com/Sitefinity/WebsiteTemplates/BaseTemplate/App_Themes/BaseTemplate/fonts/fontawesome-webfont93e3-2.html]
[www.organisationsolutions.com/Sitefinity/WebsiteTemplates/BaseTemplate/App_Themes/BaseTemplate/fonts/fontawesome-webfont93e3-3.html]
[www.organisationsolutions.com/Sitefinity/WebsiteTemplates/BaseTemplate/App_Themes/BaseTemplate/fonts/fontawesome-webfont93e3-4.html]
[www.organisationsolutions.com/Sitefinity/WebsiteTemplates/BaseTemplate/App_Themes/BaseTemplate/fonts/fontawesome-webfont93e3-5.html]
[www.organisationsolutions.com/Sitefinity/WebsiteTemplates/BaseTemplate/App_Themes/BaseTemplate/images/home/bg2.png]
[www.organisationsolutions.com/Sitefinity/WebsiteTemplates/BaseTemplate/App_Themes/BaseTemplate/images/upload/bg-approach.jpg]
[www.organisationsolutions.com/Sitefinity/WebsiteTemplates/BaseTemplate/App_Themes/BaseTemplate/images/loader.gif]
[www.organisationsolutions.com/Sitefinity/WebsiteTemplates/BaseTemplate/App_Themes/BaseTemplate/images/upload/zoom-button.png]
[www.organisationsolutions.com/Sitefinity/WebsiteTemplates/BaseTemplate/App_Themes/BaseTemplate/images/fancybox_sprite.png]
[www.organisationsolutions.com/Sitefinity/WebsiteTemplates/BaseTemplate/App_Themes/BaseTemplate/images/fancybox_loading.gif]
[www.organisationsolutions.com/Sitefinity/WebsiteTemplates/BaseTemplate/App_Themes/BaseTemplate/images/blank.gif]
[www.organisationsolutions.com/Sitefinity/WebsiteTemplates/BaseTemplate/App_Themes/BaseTemplate/images/fancybox_overlay.png]
[www.organisationsolutions.com/Sitefinity/WebsiteTemplates/BaseTemplate/App_Themes/BaseTemplate/images/fancybox_sprite@2x.png]
[www.organisationsolutions.com/Sitefinity/WebsiteTemplates/BaseTemplate/App_Themes/BaseTemplate/images/fancybox_loading@2x.gif]
[www.organisationsolutions.com/Sitefinity/WebsiteTemplates/BaseTemplate/App_Themes/BaseTemplate/images/home/bg.jpg]
[www.organisationsolutions.com/Sitefinity/WebsiteTemplates/BaseTemplate/App_Themes/BaseTemplate/images/home/bg-header.jpg]
[www.organisationsolutions.com/Sitefinity/WebsiteTemplates/BaseTemplate/App_Themes/BaseTemplate/images/home/bg3.jpg]
[www.organisationsolutions.com/Sitefinity/WebsiteTemplates/BaseTemplate/App_Themes/BaseTemplate/images/upload/podcast-play.png]
[www.organisationsolutions.com/Sitefinity/WebsiteTemplates/BaseTemplate/App_Themes/BaseTemplate/css/base.css]
[www.organisationsolutions.com/WebResource0aef.js]
[www.organisationsolutions.com/Telerik.Web.UI.WebResourcea03f.js]
[www.organisationsolutions.com/images/default-source/page-images/banner-image5eee.jpg]
[www.organisationsolutions.com/docs/default-source/opportunity/job-description---business-analyst-and-junior-consultant_19jan2018-docx5eee.pdf]
[www.organisationsolutions.com/Sitefinity/WebsiteTemplates/BaseTemplate/App_JS/bundle/jquery.min.js]
[www.organisationsolutions.com/Sitefinity/WebsiteTemplates/BaseTemplate/App_JS/bundle/common.min.js]
[www.organisationsolutions.com/Sitefinity/WebsiteTemplates/BaseTemplate/App_JS/bundle/join-team.min.js]
[www.organisationsolutions.com/mvc/scripts/contactus/contactus.js]
[www.organisationsolutions.com/about/join-our-team.html]
[www.organisationsolutions.com/images/default-source/page-images/contactus9e71.jpg]
[www.organisationsolutions.com/images/default-source/default-album/image-mapf6a0.png]
[www.organisationsolutions.com/Sitefinity/WebsiteTemplates/BaseTemplate/App_JS/bundle/contact-us.min.js]
[www.organisationsolutions.com/contact-us.html]
[www.organisationsolutions.com/images/default-source/page-images/about-us---15eee.png]
[www.organisationsolutions.com/images/default-source/vertical-slider/enable-clients-to-perform-and-transform9d72.png]
[www.organisationsolutions.com/images/default-source/vertical-slider/build-world-class-products-and-services9d72.png]
[www.organisationsolutions.com/images/default-source/vertical-slider/committed-to-evidence-based-practice9d72.png]
[www.organisationsolutions.com/images/default-source/default-album/ourvaluesi668b.jpg]
[www.organisationsolutions.com/images/default-source/content/about-us_our-values_care-for-our-clientssuccess0afe.jpg]
[www.organisationsolutions.com/images/default-source/default-album/parachute5014.jpg]
[www.organisationsolutions.com/images/default-source/content/about-us_mapf6a0.png]
[www.organisationsolutions.com/about/about-us.html]
[www.organisationsolutions.com/Sitefinity/WebsiteTemplates/BaseTemplate/App_JS/bundle/about.min.js]
[www.organisationsolutions.com/images/default-source/page-images/growyourbusiness27230.jpg]
[www.organisationsolutions.com/images/default-source/image-lightbox/grow-your-business---solutions---new9d72.png]
[www.organisationsolutions.com/insights/clients-case-studies/creating-strategy-and-organisation-design-for-growth.html]
[www.organisationsolutions.com/images/default-source/case-studies/thumbnails/thumb_it15eee.jpg]
[www.organisationsolutions.com/images/default-source/case-studies/thumbnails/thumb_it25eee-2.jpg]
[www.organisationsolutions.com/insights/clients-case-studies/ramping-up-pacing-for-growth-capabilites.html]
[www.organisationsolutions.com/images/default-source/case-studies/thumbnails/thumb_financialservice15eee.jpg]
[www.organisationsolutions.com/insights/perspectives/microsoft-driving-business-results-by-design.html]
[www.organisationsolutions.com/insights/perspectives/how-cisco-is-leading-innovation-in-the-workplace.html]
[www.organisationsolutions.com/insights/perspectives/workforce-strategy-for-high-growth-markets.html]
[www.organisationsolutions.com/solutions/grow-your-business.html]
[www.organisationsolutions.com/Sitefinity/WebsiteTemplates/BaseTemplate/App_JS/bundle/solution.min.js]
[www.organisationsolutions.com/images/default-source/page-images/banner_leap5014.jpg]
[www.organisationsolutions.com/images/default-source/solution/solutions---grow-your-business---solutions---newf6a0.png]
[www.organisationsolutions.com/insights/clients-case-studies/american-express-slp-coaching-for-growth-projects.html]
[www.organisationsolutions.com/images/default-source/case-studies/thumbnails/thumb_financialservice25eee.jpg]
[www.organisationsolutions.com/images/default-source/case-studies/thumbnails/thumb_mining25eee.jpg]
[www.organisationsolutions.com/insights/perspectives/talent-practices-for-high-growth-markets.html]
[www.organisationsolutions.com/solutions/grow-your-leaders.html]
[www.organisationsolutions.com/images/default-source/page-images/grow-your-team9e71.jpg]
[www.organisationsolutions.com/images/default-source/solution/solutions-grow-your-team-solution9d58.png]
[www.organisationsolutions.com/insights/clients-case-studies/team-services-strategy-alignment.html]
[www.organisationsolutions.com/images/default-source/case-studies/thumbnails/thumb_oilgas25eee.jpg]
[www.organisationsolutions.com/images/default-source/case-studies/thumbnails/thumb_mining15eee-2.jpg]
[www.organisationsolutions.com/solutions/grow-your-team.html]
[www.organisationsolutions.com/insights/perspectives/collaboration-in-a-start-up-insights-from-a-leader.html]
[www.organisationsolutions.com/images/default-source/pacing-for-growth/pacing-book5eee.jpg]
[www.organisationsolutions.com/services/growth-services.html]
[www.organisationsolutions.com/images/default-source/pacing-for-growth/pacing_for_growth_m5eee.jpg]
[www.organisationsolutions.com/Sitefinity/WebsiteTemplates/BaseTemplate/App_JS/bundle/service-detail.min.js]
[www.organisationsolutions.com/images/default-source/pacing-for-growth/pacingforgrowth_d2599b.jpg]
[www.organisationsolutions.com/images/default-source/pacing-for-growth/btn-buy-amazon9ec5.png]
[www.organisationsolutions.com/images/default-source/pacing-for-growth/btn-buy-noble9ec5.png]
[www.organisationsolutions.com/images/default-source/pacing-for-growth/pacing-bookd042.jpg]
[www.organisationsolutions.com/docs/default-source/pacing_for_growth/hrps-40-2-book-review_pacing_for_growth.pdf]
[www.organisationsolutions.com/docs/default-source/pacing_for_growth/pacing-for-growth_sample_intro-chapter.pdf]
[www.organisationsolutions.com/images/default-source/pacing-for-growth/pacing-authord042.jpg]
[www.organisationsolutions.com/images/default-source/pacing-for-growth/nus-video-interview_small_cropped5eee.png]
[www.organisationsolutions.com/insights/pacing-for-growth/speaking-and-events-kit.html]
[www.organisationsolutions.com/insights/pacing-for-growth/pacing-for-growth-resources/why-business-leaders-need-to-be-more-like-endurance-athletes.html]
[www.organisationsolutions.com/insights/pacing-for-growth/pacing-for-growth-resources/what-s-it-really-like-to-lead-a-hyper-growth-business.html]
[www.organisationsolutions.com/insights/pacing-for-growth/pacing-for-growth-resources/leadership-tips-from-an-ironman-world-champion.html]
[www.organisationsolutions.com/insights/pacing-for-growth/pacing-for-growth-resources.html]
[www.organisationsolutions.com/insights/pacing-for-growth/media.html]
[www.organisationsolutions.com/docs/default-source/pacing_for_growth/pacing_for_growth_presskit-v1-0.pdf]
[www.organisationsolutions.com/insights/pacing-for-growth.html]
[www.organisationsolutions.com/Sitefinity/WebsiteTemplates/BaseTemplate/App_JS/bundle/pacinggrowth.min.js]
[www.organisationsolutions.com/images/default-source/page-images/banner-image.jpg]
[www.organisationsolutions.com/images/default-source/icons/plan_icon5eee.png]
[www.organisationsolutions.com/images/default-source/icons/personal_training_action_learning5eee.png]
[www.organisationsolutions.com/images/default-source/icons/growth_capacity5eee.png]
[www.organisationsolutions.com/images/default-source/icons/endurance_growth_capacity5eee.png]
[www.organisationsolutions.com/services/growth-services/pacing-for-growth-programme.html]
[www.organisationsolutions.com/images/default-source/page-images/banner-personal5014.jpg]
[www.organisationsolutions.com/services/coaching.html]
[www.organisationsolutions.com/Sitefinity/WebsiteTemplates/BaseTemplate/App_JS/bundle/services.min.js]
[www.organisationsolutions.com/images/default-source/page-images/banner_personalcoaching9e71.jpg]
[www.organisationsolutions.com/images/default-source/icons/team_collaboration5eee.png]
[www.organisationsolutions.com/images/default-source/icons/toolbox5eee.png]
[www.organisationsolutions.com/images/default-source/icons/supportc73e.jpg]
[www.organisationsolutions.com/images/default-source/curriculum/personal-training---levels-of-support-tab0d5162fb34c56c84a143ff00009c8825599b.png]
[www.organisationsolutions.com/insights/clients-case-studies/personal-training-cio-transformation.html]
[www.organisationsolutions.com/insights/clients-case-studies/personal-training-scaling-to-grow.html]
[www.organisationsolutions.com/images/default-source/case-studies/thumbnails/thumb_food5eee.jpg]
[www.organisationsolutions.com/insights/clients-case-studies/personal-training-leading-organisation-design.html]
[www.organisationsolutions.com/services/coaching/personal-training.html]
[www.organisationsolutions.com/images/default-source/page-images/strategic-learning-project-coaching5eee.jpg]
[www.organisationsolutions.com/images/default-source/icons/coachingc73e.jpg]
[www.organisationsolutions.com/images/default-source/icons/learningc73e.jpg]
[www.organisationsolutions.com/images/default-source/icons/toolsc73e.jpg]
[www.organisationsolutions.com/images/default-source/case-studies/default-casestudies-imagef4f3.png]
[www.organisationsolutions.com/services/coaching/strategic-learning-project-coaching.html]
[www.organisationsolutions.com/images/default-source/page-images/prog_coaching668b.jpg]
[www.organisationsolutions.com/images/default-source/icons/innovation_growth_strategy5eee.png]
[www.organisationsolutions.com/images/default-source/icons/mind_set_shift5eee.png]
[www.organisationsolutions.com/images/default-source/case-studies/thumbnails/thumb_pharmaceutical25eee-2.jpg]
[www.organisationsolutions.com/insights/clients-case-studies/coaching-to-support-leadership-development-programme.html]
[www.organisationsolutions.com/insights/clients-case-studies/coaching-as-a-preferred-partner-for-client.html]
[www.organisationsolutions.com/services/coaching/programme-coaching.html]
[www.organisationsolutions.com/images/default-source/page-images/banner_growth-leadership51cd.jpg]
[www.organisationsolutions.com/images/default-source/content/coaching_pap5eee.png]
[www.organisationsolutions.com/services/coaching/coach-profiles.html]
[www.organisationsolutions.com/Sitefinity/WebsiteTemplates/BaseTemplate/App_JS/bundle/coachprofiles.min.js]
[www.organisationsolutions.com/images/default-source/page-images/leadershipdevelopment9e71.jpg]
[www.organisationsolutions.com/services/leadership-development.html]
[www.organisationsolutions.com/images/default-source/icons/coaching5eee.jpg]
[www.organisationsolutions.com/insights/clients-case-studies/leap-to-growth-in-asia.html]
[www.organisationsolutions.com/services/leadership-development/leap.html]
[www.organisationsolutions.com/images/default-source/page-images/leadingtowin9e71.jpg]
[www.organisationsolutions.com/images/default-source/icons/support5eee.jpg]
[www.organisationsolutions.com/images/default-source/icons/support_collaboration5eee.png]
[www.organisationsolutions.com/insights/clients-case-studies/influencing-managing-stakeholders.html]
[www.organisationsolutions.com/images/default-source/case-studies/thumbnails/thumb_oilgas15eee.jpg]
[www.organisationsolutions.com/services/leadership-development/leading-to-win.html]
[www.organisationsolutions.com/images/default-source/page-images/assesment5014.jpg]
[www.organisationsolutions.com/images/default-source/icons/job_promotion5eee.png]
[www.organisationsolutions.com/images/default-source/icons/target5eee.png]
[www.organisationsolutions.com/images/default-source/curriculum/assessment---growth-model-tabeb5062fb34c56c84a143ff00009c8825ca4b.png]
[www.organisationsolutions.com/images/default-source/default-album/assessment---growth-leader-assessment-tabf61c63fb34c56c84a143ff00009c8825f6a0.png]
[www.organisationsolutions.com/images/default-source/default-album/assessment---growth-leader-assessment-tab071d63fb34c56c84a143ff00009c8825f6a0.png]
[www.organisationsolutions.com/insights/clients-case-studies/raising-the-bar-for-gm-selection.html]
[www.organisationsolutions.com/images/default-source/case-studies/thumbnails/thumb_manufacture5eee.jpg]
[www.organisationsolutions.com/insights/clients-case-studies/using-360s-to-drive-change-development.html]
[www.organisationsolutions.com/images/default-source/case-studies/thumbnails/thumb_pharmaceutical15eee.jpg]
[www.organisationsolutions.com/services/growth-leader-assessment.html]
[www.organisationsolutions.com/images/default-source/icons/team_coaching5eee.png]
[www.organisationsolutions.com/images/default-source/icons/icon25eee.png]
[www.organisationsolutions.com/images/default-source/curriculum/team-services---team-alignment-tabd41d.png]
[www.organisationsolutions.com/images/default-source/curriculum/team-services---team-excellence-tab.png]
[www.organisationsolutions.com/services/team-services.html]
[www.organisationsolutions.com/images/default-source/author/james-eyring983362fb34c56c84a143ff00009c88255eee.jpg]
[www.organisationsolutions.com/images/default-source/insights/diagram/jabil_article_table0afe.png]
[www.organisationsolutions.com/insights/perspectives/is-technology-really-revolutionising-assessment.html]
[www.organisationsolutions.com/insights/perspectives/the-dark-side-of-personality-a-cross-cultural-perspective.html]
[www.organisationsolutions.com/insights/perspectives/how-jabil-is-developing-tomorrow's-leaders-today.html]
[www.organisationsolutions.com/Sitefinity/WebsiteTemplates/BaseTemplate/App_JS/bundle/insightDetail.min.js]
[www.organisationsolutions.com/images/default-source/insights/diagram/purpose_assessment0afe.png]
[www.organisationsolutions.com/images/default-source/insights/diagram/assessment_senior_executives0afe.png]
[www.organisationsolutions.com/images/default-source/insights/diagram/mapping_validity_vs_mncs_tool0afe.png]
[www.organisationsolutions.com/images/default-source/insights/diagram/types_assessment_used0afe.png]
[www.organisationsolutions.com/insights/perspectives/assessment-are-you-investing-in-all-the-wrong-places.html]
[www.organisationsolutions.com/insights/perspectives/influencing-stakeholders-across-boundaries-to-grow-results.html]
[www.organisationsolutions.com/insights/perspectives/optimising-cross-cultural-coaching-outcomes.html]
[www.organisationsolutions.com/insights/perspectives/alignment-overrules-cooperation.html]
[www.organisationsolutions.com/insights/perspectives/8-tips-to-make-change-work.html]
[www.organisationsolutions.com/insights/perspectives/virtually-there-what-leaders-need-to-know-about-the-impact-of-distance-on-team-performance.html]
[www.organisationsolutions.com/images/default-source/default-album/feature-insights5eee.jpg]
[www.organisationsolutions.com/insights/perspectives.html]
[www.organisationsolutions.com/Sitefinity/WebsiteTemplates/BaseTemplate/App_JS/bundle/insights.min.js]
[www.organisationsolutions.com/images/default-source/default-album/hot-air-balloons-hot-air-ballooning-event-51377-(1)6aca63fb34c56c84a143ff00009c8825f6a0.jpeg]
[www.organisationsolutions.com/images/default-source/author/dee9d72.jpg]
[www.organisationsolutions.com/insights/perspectives/scaling-leaders-for-a-high-growth-business.html]
[www.organisationsolutions.com/insights/perspectives/why-talent-training-and-focus-are-a-winning-formula.html]
[www.organisationsolutions.com/insights/perspectives/the-state-of-international-coaching-mind-the-gaps.html]
[www.organisationsolutions.com/insights/perspectives/leader-perspective-shaping-a-growth-culture.html]
[www.organisationsolutions.com/images/default-source/default-album/monument-valley-west-western-161820-(1)f6a0.jpeg]
[www.organisationsolutions.com/insights/perspectives/three-ways-that-pioneers-build-successful-growth-cultures.html]
[www.organisationsolutions.com/images/default-source/author/asli-aker9d72.png]
[www.organisationsolutions.com/insights/perspectives/why-you're-not-spotting-talent-earlier.html]
[www.organisationsolutions.com/insights/perspectives/7-ways-to-scale-your-leadership-brand.html]
[www.organisationsolutions.com/insights/perspectives/coaching-teams-for-results-at-american-express.html]
[www.organisationsolutions.com/insights/perspectives/the-secret-sauce-to-motivate-your-workforce.html]
[www.organisationsolutions.com/insights/perspectives/does-your-talent-strategy-measure-up.html]
[www.organisationsolutions.com/insights/perspectives/lead-engagement!-action-plans-don't-work.html]
[www.organisationsolutions.com/images/default-source/page-images/banner_mining5eee.jpg]
[www.organisationsolutions.com/insights/clients-case-studies/slp-coaching-to-drive-business-innovation-pipeline.html]
[www.organisationsolutions.com/Sitefinity/WebsiteTemplates/BaseTemplate/App_JS/bundle/casestudy.min.js]
[www.organisationsolutions.com/images/default-source/page-images/banner_oilgas25014.jpg]
[www.organisationsolutions.com/images/default-source/icons/icon15eee.png]
[www.organisationsolutions.com/images/default-source/icons/operations5eee.png]
[www.organisationsolutions.com/insights/clients-case-studies/developing-inspirational-leaders.html]
[www.organisationsolutions.com/insights/clients-case-studies/leap-transforming-the-organisation.html]
[www.organisationsolutions.com/images/default-source/page-images/banner_it25014.jpg]
[www.organisationsolutions.com/images/default-source/icons/result-15eee.png]
[www.organisationsolutions.com/images/default-source/icons/result-25eee.png]
[www.organisationsolutions.com/images/default-source/icons/learning5eee.jpg]
[www.organisationsolutions.com/insights/clients-case-studies/linking-leadership-assessment-to-strategy.html]
[www.organisationsolutions.com/images/default-source/page-images/banner_it5eee.jpg]
[www.organisationsolutions.com/images/default-source/icons/organisation_structure5eee.png]
[www.organisationsolutions.com/images/default-source/content/growth_readiness668b.png]
[www.organisationsolutions.com/insights/clients-case-studies/team-services-empowering-team-performance.html]
[www.organisationsolutions.com/images/default-source/page-images/banner_hospitality5eee.jpg]
[www.organisationsolutions.com/insights/clients-case-studies/mcdonald-s-slp-coaching-to-support-od-assignment.html]
[www.organisationsolutions.com/mvc/scripts/magazine/magazine.js]
[www.organisationsolutions.com/insights/grow-magazine.html]
[www.organisationsolutions.com/insights/clients-case-studies.html]
[www.organisationsolutions.com/communities/growth-leadership-forum.html]
[www.organisationsolutions.com/images/default-source/page-images/banner_sciencepractice9e71.jpg]
[www.organisationsolutions.com/Sitefinity/WebsiteTemplates/BaseTemplate/App_JS/bundle/science.min.js]
[www.organisationsolutions.com/communities/science-practice.html]
[www.organisationsolutions.com/images/default-source/page-images/alumni9e71.jpg]
[www.organisationsolutions.com/communities/alumni-group.html]
[www.organisationsolutions.com/images/default-source/page-images/banner_pharmaceutical5014.jpg]
[www.organisationsolutions.com/insights/clients-case-studies/coaching-as-an-on-demand-service.html]
[www.organisationsolutions.com/images/default-source/page-images/banner_mining25eee.jpg]
[www.organisationsolutions.com/images/default-source/icons/best5eee.png]
[www.organisationsolutions.com/insights/clients-case-studies/leading-to-win-team-services-driving-functional-excellence.html]
[www.organisationsolutions.com/insights/clients-case-studies/transforming-the-workplace.html]
[www.organisationsolutions.com/privacy-policy.html]
[www.organisationsolutions.com/site-map.html]
[www.organisationsolutions.com/Sitefinity/WebsiteTemplates/BaseTemplate/App_JS/bundle/home.min.js]
[www.organisationsolutions.com/404.html]
[www.organisationsolutions.com/Sitefinity/WebsiteTemplates/BaseTemplate/App_Themes/BaseTemplate/fonts/fontawesome-webfont93e3.html]
[www.organisationsolutions.com/Sitefinity/WebsiteTemplates/BaseTemplate/App_Themes/BaseTemplate/fonts/fontawesome-webfontd41d.html]
[www.organisationsolutions.com/Sitefinity/WebsiteTemplates/BaseTemplate/App_Themes/BaseTemplate/fonts/fontawesome-webfont93e3-2.html]
[www.organisationsolutions.com/Sitefinity/WebsiteTemplates/BaseTemplate/App_Themes/BaseTemplate/fonts/fontawesome-webfont93e3-3.html]
[www.organisationsolutions.com/Sitefinity/WebsiteTemplates/BaseTemplate/App_Themes/BaseTemplate/fonts/fontawesome-webfont93e3-4.html]
[connect.facebook.net/en_US/sdk.js]
[www.organisationsolutions.com/Sitefinity/WebsiteTemplates/BaseTemplate/App_Themes/BaseTemplate/fonts/fontawesome-webfont93e3-5.html]
[www.organisationsolutions.com/Firefox/index.html]
[www.organisationsolutions.com/AppleWebKit/index.html]
[www.organisationsolutions.com/Opera/index.html]
[www.organisationsolutions.com/Sitefinity/WebsiteTemplates/BaseTemplate/App_JS/bundle/jquery.min.js]
[www.organisationsolutions.com/Sitefinity/WebsiteTemplates/BaseTemplate/App_JS/bundle/common.min.js]
[www.organisationsolutions.com/Sitefinity/WebsiteTemplates/BaseTemplate/App_JS/bundle/join-team.min.js]
[www.organisationsolutions.com/Sitefinity/WebsiteTemplates/BaseTemplate/App_JS/bundle/contact-us.min.js]
[www.organisationsolutions.com/Sitefinity/WebsiteTemplates/BaseTemplate/App_JS/bundle/about.min.js]
[www.organisationsolutions.com/insights/clients-case-studies/creating-strategy-and-organisation-design-for-growth.html]
[www.organisationsolutions.com/images/default-source/page-images/banner_finance5014.jpg]
[www.organisationsolutions.com/insights/clients-case-studies/ramping-up-pacing-for-growth-capabilites.html]
[www.organisationsolutions.com/images/default-source/article/01-technology_showcase_small.jpg]
[www.organisationsolutions.com/images/default-source/article/02-combined_chalet_room_gathering_area_small.jpg]
[www.organisationsolutions.com/images/default-source/insights/diagram/pre-post_move_survey0afe.png]
[www.organisationsolutions.com/insights/perspectives/3cs-to-win-with-coworking-spaces.html]
[www.organisationsolutions.com/insights/perspectives/microsoft-driving-business-results-by-design.html]
[www.organisationsolutions.com/insights/perspectives/how-cisco-is-leading-innovation-in-the-workplace.html]
[www.organisationsolutions.com/images/default-source/author/alison-eyring783362fb34c56c84a143ff00009c8825cfa8.jpg]
[www.organisationsolutions.com/insights/perspectives/picking-potential.html]
[www.organisationsolutions.com/insights/perspectives/breaking-the-asian-leadership-ceiling.html]
[www.organisationsolutions.com/insights/perspectives/does-eq-matter.html]
[www.organisationsolutions.com/insights/perspectives/workforce-strategy-for-high-growth-markets.html]
[www.organisationsolutions.com/Sitefinity/WebsiteTemplates/BaseTemplate/App_JS/bundle/solution.min.js]
[www.organisationsolutions.com/images/default-source/page-images/banner_finance25eee.jpg]
[www.organisationsolutions.com/images/default-source/icons/exposure_visibility5eee.png]
[www.organisationsolutions.com/insights/clients-case-studies/american-express-slp-coaching-for-growth-projects.html]
[www.organisationsolutions.com/insights/perspectives/talent-practices-for-high-growth-markets.html]
[www.organisationsolutions.com/images/default-source/page-images/banner_oilgas5014.jpg]
[www.organisationsolutions.com/insights/clients-case-studies/team-services-strategy-alignment.html]
[www.organisationsolutions.com/insights/perspectives/collaboration-in-a-start-up-insights-from-a-leader.html]
[www.organisationsolutions.com/Sitefinity/WebsiteTemplates/BaseTemplate/App_JS/bundle/service-detail.min.js]
[www.organisationsolutions.com/images/default-source/pacing-for-growth/pacingforgrowth_d25014.jpg]
[www.organisationsolutions.com/insights/pacing-for-growth/speaking-and-events-kit.html]
[www.organisationsolutions.com/insights/perspectives/it-s-not-the-size-of-your-office-that-matters.html]
[www.organisationsolutions.com/images/default-source/content/blog_runner5014.png]
[www.organisationsolutions.com/images/default-source/content/pacing-for-growth-listing_feature9e71.jpg]
[www.organisationsolutions.com/insights/pacing-for-growth/pacing-for-growth-resources/why-business-leaders-need-to-be-more-like-endurance-athletes.html]
[www.organisationsolutions.com/insights/pacing-for-growth/pacing-for-growth-resources/keeping-the-mojo-with-intelligent-restraint.html]
[www.organisationsolutions.com/images/default-source/author/julian-persaud5eee.jpg]
[www.organisationsolutions.com/insights/perspectives/are-you-ready-to-go-faster.html]
[www.organisationsolutions.com/insights/pacing-for-growth/pacing-for-growth-resources/what-s-it-really-like-to-lead-a-hyper-growth-business.html]
[www.organisationsolutions.com/images/default-source/page-images/endurance-leadership-tips-from-legendary-triathlete-scott-molina_matt-chapman_15-feb-20175eee.png]
[www.organisationsolutions.com/images/default-source/author/matt-chapman214d63fb34c56c84a143ff00009c88255eee.png]
[www.organisationsolutions.com/images/default-source/author/scott-molina5eee.jpg]
[www.organisationsolutions.com/insights/pacing-for-growth/pacing-for-growth-resources/leadership-tips-from-an-ironman-world-champion.html]
[www.organisationsolutions.com/images/default-source/pacing-for-growth/list_resources_pacing5eee.jpg]
[www.organisationsolutions.com/insights/pacing-for-growth/pacing-for-growth-resources.html]
[www.organisationsolutions.com/insights/pacing-for-growth/media.html]
[www.organisationsolutions.com/Sitefinity/WebsiteTemplates/BaseTemplate/App_JS/bundle/pacinggrowth.min.js]
[www.organisationsolutions.com/Sitefinity/WebsiteTemplates/BaseTemplate/App_JS/bundle/services.min.js]
[www.organisationsolutions.com/insights/clients-case-studies/personal-training-cio-transformation.html]
[www.organisationsolutions.com/insights/clients-case-studies/personal-training-scaling-to-grow.html]
[www.organisationsolutions.com/insights/clients-case-studies/personal-training-leading-organisation-design.html]
[www.organisationsolutions.com/images/default-source/icons/global_asia5eee.png]
[www.organisationsolutions.com/insights/clients-case-studies/coaching-to-support-leadership-development-programme.html]
[www.organisationsolutions.com/insights/clients-case-studies/coaching-as-a-preferred-partner-for-client.html]
[www.organisationsolutions.com/Sitefinity/WebsiteTemplates/BaseTemplate/App_JS/bundle/coachprofiles.min.js]
[www.organisationsolutions.com/insights/clients-case-studies/leap-to-growth-in-asia.html]
[www.organisationsolutions.com/images/default-source/icons/employee_engagement5eee.png]
[www.organisationsolutions.com/insights/clients-case-studies/influencing-managing-stakeholders.html]
[www.organisationsolutions.com/images/default-source/page-images/banner_manufacture5014.jpg]
[www.organisationsolutions.com/insights/clients-case-studies/raising-the-bar-for-gm-selection.html]
[www.organisationsolutions.com/images/default-source/page-images/banner_pharmaceutical25014.jpg]
[www.organisationsolutions.com/insights/clients-case-studies/using-360s-to-drive-change-development.html]
[www.organisationsolutions.com/images/default-source/author/corinne-williams_headshot-(cropped)_feb-2017_edited-59d72.png]
[www.organisationsolutions.com/insights/perspectives/is-technology-really-revolutionising-assessment.html]
[www.organisationsolutions.com/insights/perspectives/why-leading-on-the-edge-drives-growth.html]
[www.organisationsolutions.com/insights/perspectives/the-dark-side-of-personality-a-cross-cultural-perspective.html]
[www.organisationsolutions.com/Sitefinity/WebsiteTemplates/BaseTemplate/App_JS/bundle/insightDetail.min.js]
[www.organisationsolutions.com/insights/perspectives/how-to-energize-your-failing-diversity-efforts.html]
[www.organisationsolutions.com/insights/perspectives/influencing-stakeholders-across-boundaries-to-grow-results.html]
[www.organisationsolutions.com/insights/perspectives/optimising-cross-cultural-coaching-outcomes.html]
[www.organisationsolutions.com/insights/perspectives/building-leadership-talent-in-emerging-markets.html]
[www.organisationsolutions.com/insights/perspectives/8-tips-to-make-change-work.html]
[www.organisationsolutions.com/Sitefinity/WebsiteTemplates/BaseTemplate/App_JS/bundle/insights.min.js]
[www.organisationsolutions.com/insights/perspectives/scaling-leaders-for-a-high-growth-business.html]
[www.organisationsolutions.com/images/default-source/article/pexels-photo(2)5eee.jpg]
[www.organisationsolutions.com/insights/perspectives/three-key-ways-to-unlock-talent-performance.html]
[www.organisationsolutions.com/insights/perspectives/how-leadership-coaching-can-maximise-performance.html]
[www.organisationsolutions.com/insights/perspectives/why-talent-training-and-focus-are-a-winning-formula.html]
[www.organisationsolutions.com/images/default-source/article/sonja-guina-3885_1300x3605eee.jpg]
[www.organisationsolutions.com/insights/perspectives/get-gritty-for-growth-five-routines-to-build-resilient-leaders.html]
[www.organisationsolutions.com/insights/perspectives/the-state-of-international-coaching-mind-the-gaps.html]
[www.organisationsolutions.com/insights/perspectives/why-you're-not-spotting-talent-earlier.html]
[www.organisationsolutions.com/insights/perspectives/7-ways-to-scale-your-leadership-brand.html]
[www.organisationsolutions.com/insights/perspectives/the-secret-sauce-to-motivate-your-workforce.html]
[www.organisationsolutions.com/insights/perspectives/does-your-talent-strategy-measure-up.html]
[www.organisationsolutions.com/insights/perspectives/creating-great-short-term-international-assignments-insights-from-an-assignee-coach.html]
[www.organisationsolutions.com/Sitefinity/WebsiteTemplates/BaseTemplate/App_JS/bundle/casestudy.min.js]
[www.organisationsolutions.com/Sitefinity/WebsiteTemplates/BaseTemplate/App_JS/bundle/science.min.js]
[connect.facebook.net/en_US/sdk.js]
[www.organisationsolutions.com/embed/index.html]
[www.organisationsolutions.com/about/embed/index.html]
[www.organisationsolutions.com/insights/perspectives/3cs-to-win-with-coworking-spaces.html]
[www.organisationsolutions.com/insights/perspectives/where-is-coaching-going-wrong-socrates-wants-to-know!.html]
[www.organisationsolutions.com/insights/perspectives/potential-for-what.html]
[www.organisationsolutions.com/insights/perspectives/picking-potential.html]
[www.organisationsolutions.com/images/default-source/article/fig-1-proportion-of-asians-on-team5eee.png]
[www.organisationsolutions.com/images/default-source/article/fig-2-tenure-of-western-mnc5eee.png]
[www.organisationsolutions.com/insights/perspectives8fae.html]
[www.organisationsolutions.com/insights/perspectives/creating-our-own-glass-ceiling.html]
[www.organisationsolutions.com/insights/perspectives/invest-in-your-own-portfolio.html]
[www.organisationsolutions.com/insights/perspectives/breaking-the-asian-leadership-ceiling.html]
[www.organisationsolutions.com/insights/perspectives/does-eq-matter.html]
[www.organisationsolutions.com/solutions/embed/index.html]
[www.organisationsolutions.com/services/embed/index.html]
[www.organisationsolutions.com/insights/perspectives/it-s-not-the-size-of-your-office-that-matters.html]
[www.organisationsolutions.com/images/default-source/page-images/beautiful-oceanf6a0.png]
[www.organisationsolutions.com/images/default-source/author/marshall-goldsmith5eee.jpg]
[www.organisationsolutions.com/insights/pacing-for-growth/pacing-for-growth-resources/keeping-the-mojo-with-intelligent-restraint.html]
[www.organisationsolutions.com/images/default-source/article/pexels-photo-60230-(4)5eee.jpg]
[www.organisationsolutions.com/insights/perspectives/are-you-ready-to-go-faster.html]
[www.organisationsolutions.com/insights/embed/index.html]
[www.organisationsolutions.com/services/coaching/embed.html]
[www.organisationsolutions.com/services/coaching/embed/index.html]
[www.organisationsolutions.com/images/default-source/article/pexels-photo-346706-(2)5eee.jpeg]
[www.organisationsolutions.com/insights/perspectives/why-leading-on-the-edge-drives-growth.html]
[www.organisationsolutions.com/insights/perspectives/embed.html]
[www.organisationsolutions.com/insights/perspectives/embed/index.html]
[www.organisationsolutions.com/insights/perspectives/how-to-energize-your-failing-diversity-efforts.html]
[www.organisationsolutions.com/insights/perspectives/building-leadership-talent-in-emerging-markets.html]
[www.organisationsolutions.com/insights/perspectives/three-key-ways-to-unlock-talent-performance.html]
[www.organisationsolutions.com/images/default-source/article/pexels-photo-40120(1)5eee.jpeg]
[www.organisationsolutions.com/insights/perspectives/how-leadership-coaching-can-maximise-performance.html]
[www.organisationsolutions.com/images/default-source/insights/articles/pexels-photo-421160-(2)5eee.jpeg]
[www.organisationsolutions.com/insights/perspectives/get-gritty-for-growth-five-routines-to-build-resilient-leaders.html]
[www.organisationsolutions.com/insights/perspectives/using-people-organisation-analytics-for-growth.html]
[www.organisationsolutions.com/insights/perspectives/creating-great-short-term-international-assignments-insights-from-an-assignee-coach.html]
[www.organisationsolutions.com/insights/clients-case-studies/embed/index.html]
[www.organisationsolutions.com/Sitefinity/WebsiteTemplates/BaseTemplate/App_JS/bundle/ABCDEFGHIJKLMNOPQRSTUVWXYZabcdefghijklmnopqrstuvwxyz0123456789+/index.html]
[www.organisationsolutions.com/Sitefinity/WebsiteTemplates/BaseTemplate/App_JS/bundle/^([^_/indexd41d.html]
[www.organisationsolutions.com/insights/perspectives/where-is-coaching-going-wrong-socrates-wants-to-know!.html]
[www.organisationsolutions.com/insights/perspectives/potential-for-what.html]
[www.organisationsolutions.com/insights/perspectives8fae.html]
[www.organisationsolutions.com/images/default-source/insights/diagram/percentage-of-women-on-teams0afe.png]
[www.organisationsolutions.com/images/default-source/Insights/diagram/women_representation_and_intent0afe.png]
[www.organisationsolutions.com/images/default-source/insights/diagram/percentage_-teams_intending_increase_number_women0afe.png]
[www.organisationsolutions.com/insights/perspectives/creating-our-own-glass-ceiling.html]
[www.organisationsolutions.com/insights/perspectives/invest-in-your-own-portfolio.html]
[www.organisationsolutions.com/services/coaching/embed.html]
[www.organisationsolutions.com/insights/perspectives/embed.html]
[www.organisationsolutions.com/insights/perspectives/using-people-organisation-analytics-for-growth.html]
